// Jest Snapshot v1, https://goo.gl/fbAQLP

exports[`should render ExpenseDashboardPage correnctly 1`] = `
<div>
  <Connect(ExpensesListFilters) />
  <Connect(ExpenseList) />
</div>
`;
